../Core/Src/main.c:83:5:main	368	static
../Core/Src/main.c:143:6:SystemClock_Config	128	static
../Core/Src/main.c:195:13:MX_I2C1_Init	8	static
../Core/Src/main.c:243:13:MX_SPI1_Init	8	static
../Core/Src/main.c:283:13:MX_USART2_UART_Init	8	static
../Core/Src/main.c:318:13:MX_USART3_UART_Init	8	static
../Core/Src/main.c:353:13:MX_USB_PCD_Init	8	static
../Core/Src/main.c:382:13:MX_DMA_Init	16	static
../Core/Src/main.c:403:13:MX_GPIO_Init	48	static
../Core/Src/main.c:454:6:Error_Handler	4	static,ignoring_inline_asm
